Microchip MPLAB XC8 Compiler V2.40

Linker command line:

-W-3 \
  --edf=C:/Program Files/Microchip/MPLABX/v6.05/packs/Microchip/PIC16F1xxxx_DFP/1.15.191/xc8\pic\dat\20220719204315_en.msgs \
  -cn -h+dist/default/production\testTMR0.X.production.sym \
  --cmf=dist/default/production\testTMR0.X.production.cmf -z -Q16F18855 \
  -oC:\Users\utxj\AppData\Local\Temp\xcAsdtg.4 --defsym=__MPLAB_BUILD=1 \
  --fixupoverflow=error -Mdist/default/production/testTMR0.X.production.map \
  --md=C:\Users\utxj\AppData\Local\Temp\xcAsdtg.dat -E1 -ver=XC8 Compiler \
  --acfsm=1493 -ACODE=00h-07FFhx4 -ASTRCODE=00h-01FFFh -ASTRING=00h-0FFhx32 \
  -ACONST=00h-0FFhx32 -AENTRY=00h-0FFhx32 -ACOMMON=070h-07Fh \
  -ABANK0=020h-06Fh -ABANK1=0A0h-0EFh -ABANK2=0120h-016Fh \
  -ABANK3=01A0h-01EFh -ABANK4=0220h-026Fh -ABANK5=02A0h-02EFh \
  -ABANK6=0320h-036Fh -ABANK7=03A0h-03EFh -ABANK8=0420h-046Fh \
  -ABANK9=04A0h-04EFh -ABANK10=0520h-056Fh -ABANK11=05A0h-05EFh \
  -ABANK12=0620h-064Fh -ABIGRAM=02000h-023EFh \
  -ARAM=020h-06Fh,0A0h-0EFh,0120h-016Fh,01A0h-01EFh,0220h-026Fh,02A0h-02EFh,0320h-036Fh,03A0h-03EFh,0420h-046Fh,04A0h-04EFh,0520h-056Fh,05A0h-05EFh,0620h-064Fh \
  -AABS1=020h-07Fh,0A0h-0EFh,0120h-016Fh,01A0h-01EFh,0220h-026Fh,02A0h-02EFh,0320h-036Fh,03A0h-03EFh,0420h-046Fh,04A0h-04EFh,0520h-056Fh,05A0h-05EFh,0620h-064Fh \
  -ASFR0=00h-01Fh -ASFR1=080h-09Fh -ASFR2=0100h-011Fh -ASFR3=0180h-019Fh \
  -ASFR4=0200h-021Fh -ASFR5=0280h-029Fh -ASFR6=0300h-031Fh \
  -ASFR7=0380h-039Fh -ASFR8=0400h-041Fh -ASFR9=0480h-049Fh \
  -ASFR10=0500h-051Fh -ASFR11=0580h-059Fh -ASFR12=0600h-061Fh \
  -ASFR13=0680h-06EFh -ASFR14=0700h-076Fh -ASFR15=0780h-07EFh \
  -ASFR16=0800h-086Fh -ASFR17=0880h-08EFh -ASFR18=0900h-096Fh \
  -ASFR19=0980h-09EFh -ASFR20=0A00h-0A6Fh -ASFR21=0A80h-0AEFh \
  -ASFR22=0B00h-0B6Fh -ASFR23=0B80h-0BEFh -ASFR24=0C00h-0C6Fh \
  -ASFR25=0C80h-0CEFh -ASFR26=0D00h-0D6Fh -ASFR27=0D80h-0DEFh \
  -ASFR28=0E00h-0E6Fh -ASFR29=0E80h-0EEFh -ASFR30=0F00h-0F6Fh \
  -ASFR31=0F80h-0FEFh -ACONFIG=08007h-0800Bh -DCONFIG=2 \
  -AIDLOC=08000h-08003h -DIDLOC=2 -AEEDATA=00h-0FFh/0F000h \
  -peeprom_data=EEDATA -DEEDATA=2 -DCODE=2 -DSTRCODE=2 -DSTRING=2 -DCONST=2 \
  -DENTRY=2 -preset_vec=00h,intentry,init,end_init -ppowerup=CODE \
  -pcinit=CODE -pfunctab=ENTRY -k \
  C:\Users\utxj\AppData\Local\Temp\xcAsdtg.o \
  dist/default/production\testTMR0.X.production.o 

Object code version is 3.11

Machine type is 16F18855



                Name                               Link     Load   Length Selector   Space Scale
C:\Users\utxj\AppData\Local\Temp\xcAsdtg.o
                end_init                              2        2        2        0       0
                reset_vec                             0        0        2        0       0
                config                             8007     8007        5        0       4
                idloc                              8000     8000        4        0       5
dist/default/production\testTMR0.X.production.o
                cinit                               7F5      7F5        B      FEA       0
                config                             8007     8007        5        0       4
                idloc                              8000     8000        4        0       5
                text12                              639      639       20      C72       0
                text11                              608      608       14      C10       0
                text10                              5EC      5EC        9      BD8       0
                text9                               6CB      6CB       43      D96       0
                text8                               780      780       75      F00       0
                text7                               6A3      6A3       28      D46       0
                text6                               61C      61C       1D      C38       0
                text5                               5F5      5F5        9      BEA       0
                text4                               67C      67C       27      CF8       0
                text3                               5E4      5E4        8      BC8       0
                text2                               5FE      5FE        A      BFC       0
                text1                               659      659       23      CB2       0
                maintext                            70E      70E       72      E1C       0
                cstackCOMMON                         70       70        E       70       1
                dataBANK0                            20       20        2       20       1
                stringtext3                         817      817        9     1000       0
                stringtext2                         80C      80C        B     1000       0
                stringtext1                         800      800        C     1000       0
                idataBANK0                          5E2      5E2        2      BC4       0

TOTAL           Name                               Link     Load   Length     Space
        CLASS   CODE           
                end_init                              2        2        2         0
                cinit                               7F5      7F5        B         0
                reset_vec                             0        0        2         0
                text12                              639      639       20         0
                text11                              608      608       14         0
                text10                              5EC      5EC        9         0
                text9                               6CB      6CB       43         0
                text8                               780      780       75         0
                text7                               6A3      6A3       28         0
                text6                               61C      61C       1D         0
                text5                               5F5      5F5        9         0
                text4                               67C      67C       27         0
                text3                               5E4      5E4        8         0
                text2                               5FE      5FE        A         0
                text1                               659      659       23         0
                maintext                            70E      70E       72         0
                idataBANK0                          5E2      5E2        2         0

        CLASS   STRCODE        
                stringtext3                         817      817        9         0
                stringtext2                         80C      80C        B         0
                stringtext1                         800      800        C         0

        CLASS   STRING         

        CLASS   CONST          

        CLASS   ENTRY          

        CLASS   COMMON         
                cstackCOMMON                         70       70        E         1

        CLASS   BANK0          
                dataBANK0                            20       20        2         1

        CLASS   BANK1          

        CLASS   BANK2          

        CLASS   BANK3          

        CLASS   BANK4          

        CLASS   BANK5          

        CLASS   BANK6          

        CLASS   BANK7          

        CLASS   BANK8          

        CLASS   BANK9          

        CLASS   BANK10         

        CLASS   BANK11         

        CLASS   BANK12         

        CLASS   BIGRAM         

        CLASS   RAM            

        CLASS   ABS1           
                abs_s1                               7E       7E        2         1

        CLASS   SFR0           

        CLASS   SFR1           

        CLASS   SFR2           

        CLASS   SFR3           

        CLASS   SFR4           

        CLASS   SFR5           

        CLASS   SFR6           

        CLASS   SFR7           

        CLASS   SFR8           

        CLASS   SFR9           

        CLASS   SFR10          

        CLASS   SFR11          

        CLASS   SFR12          

        CLASS   SFR13          

        CLASS   SFR14          

        CLASS   SFR15          

        CLASS   SFR16          

        CLASS   SFR17          

        CLASS   SFR18          

        CLASS   SFR19          

        CLASS   SFR20          

        CLASS   SFR21          

        CLASS   SFR22          

        CLASS   SFR23          

        CLASS   SFR24          

        CLASS   SFR25          

        CLASS   SFR26          

        CLASS   SFR27          

        CLASS   SFR28          

        CLASS   SFR29          

        CLASS   SFR30          

        CLASS   SFR31          

        CLASS   CONFIG         
                config                             8007     8007        5         4

        CLASS   IDLOC          
                idloc                              8000     8000        4         5

        CLASS   EEDATA         

        CLASS   BANK31         

        CLASS   BANK30         

        CLASS   BANK29         

        CLASS   BANK28         

        CLASS   BANK27         

        CLASS   BANK26         

        CLASS   BANK25         

        CLASS   BANK24         

        CLASS   BANK23         

        CLASS   BANK22         

        CLASS   BANK21         

        CLASS   BANK20         

        CLASS   BANK19         

        CLASS   BANK18         

        CLASS   BANK17         

        CLASS   BANK16         

        CLASS   BANK15         

        CLASS   BANK14         

        CLASS   BANK13         

        CLASS   HEAP           

        CLASS   STACK          



SEGMENTS        Name                           Load    Length   Top    Selector   Space  Class     Delta

                reset_vec                      000000  000004  000004         0       0  CODE        2
                dataBANK0                      000020  000002  000022        20       1  BANK0       1
                cstackCOMMON                   000070  00000E  00007E        70       1  COMMON      1
                idataBANK0                     0005E2  000002  0005E4       BC4       0  CODE        2
                text3                          0005E4  000008  0005EC       BC8       0  CODE        2
                text10                         0005EC  000009  0005F5       BD8       0  CODE        2
                text5                          0005F5  000009  0005FE       BEA       0  CODE        2
                text2                          0005FE  00000A  000608       BFC       0  CODE        2
                text11                         000608  000014  00061C       C10       0  CODE        2
                text6                          00061C  00001D  000639       C38       0  CODE        2
                text12                         000639  000020  000659       C72       0  CODE        2
                text1                          000659  000023  00067C       CB2       0  CODE        2
                text4                          00067C  000027  0006A3       CF8       0  CODE        2
                text7                          0006A3  000028  0006CB       D46       0  CODE        2
                text9                          0006CB  000043  00070E       D96       0  CODE        2
                maintext                       00070E  000072  000780       E1C       0  CODE        2
                text8                          000780  000075  0007F5       F00       0  CODE        2
                cinit                          0007F5  00000B  000800       FEA       0  CODE        2
                stringtext1                    000800  000020  000820      1000       0  STRCODE     2


UNUSED ADDRESS RANGES

        Name                Unused          Largest block    Delta
        BANK0            00022-0006F              4E           1
        BANK1            000A0-000EF              50           1
        BANK10           00520-0056F              50           1
        BANK11           005A0-005EF              50           1
        BANK12           00620-0064F              30           1
        BANK2            00120-0016F              50           1
        BANK3            001A0-001EF              50           1
        BANK4            00220-0026F              50           1
        BANK5            002A0-002EF              50           1
        BANK6            00320-0036F              50           1
        BANK7            003A0-003EF              50           1
        BANK8            00420-0046F              50           1
        BANK9            004A0-004EF              50           1
        BIGRAM           02000-023EF             3F0           1
        CODE             00004-005E1             5DE           2
                         00820-01FFF             800
        CONST            00004-005E1             100           2
                         00820-01FFF             100
        EEDATA           0F000-0F0FF             100           2
        ENTRY            00004-005E1             100           2
                         00820-01FFF             100
        RAM              00022-0006F              4E           1
                         000A0-000EF              50
                         00120-0016F              50
                         001A0-001EF              50
                         00220-0026F              50
                         002A0-002EF              50
                         00320-0036F              50
                         003A0-003EF              50
                         00420-0046F              50
                         004A0-004EF              50
                         00520-0056F              50
                         005A0-005EF              50
                         00620-0064F              30
        SFR0             00000-0001F              20           1
        SFR1             00080-0009F              20           1
        SFR10            00500-0051F              20           1
        SFR11            00580-0059F              20           1
        SFR12            00600-0061F              20           1
        SFR13            00680-006EF              70           1
        SFR14            00700-0076F              70           1
        SFR15            00780-007EF              70           1
        SFR16            00800-0086F              70           1
        SFR17            00880-008EF              70           1
        SFR18            00900-0096F              70           1
        SFR19            00980-009EF              70           1
        SFR2             00100-0011F              20           1
        SFR20            00A00-00A6F              70           1
        SFR21            00A80-00AEF              70           1
        SFR22            00B00-00B6F              70           1
        SFR23            00B80-00BEF              70           1
        SFR24            00C00-00C6F              70           1
        SFR25            00C80-00CEF              70           1
        SFR26            00D00-00D6F              70           1
        SFR27            00D80-00DEF              70           1
        SFR28            00E00-00E6F              70           1
        SFR29            00E80-00EEF              70           1
        SFR3             00180-0019F              20           1
        SFR30            00F00-00F6F              70           1
        SFR31            00F80-00FEF              70           1
        SFR4             00200-0021F              20           1
        SFR5             00280-0029F              20           1
        SFR6             00300-0031F              20           1
        SFR7             00380-0039F              20           1
        SFR8             00400-0041F              20           1
        SFR9             00480-0049F              20           1
        STRCODE          00004-005E1             5DE           2
                         00820-01FFF            17E0
        STRING           00004-005E1             100           2
                         00820-01FFF             100

                                  Symbol Table

Lcd_Cmd@a                       cstackCOMMON 00072
Lcd_Port@a                      cstackCOMMON 00070
Lcd_Set_Cursor@a                cstackCOMMON 00075
Lcd_Set_Cursor@b                cstackCOMMON 00073
Lcd_Set_Cursor@temp             cstackCOMMON 00078
Lcd_Set_Cursor@y                cstackCOMMON 00077
Lcd_Set_Cursor@z                cstackCOMMON 00076
Lcd_Write_Char@a                cstackCOMMON 00074
Lcd_Write_Char@temp             cstackCOMMON 00072
Lcd_Write_Char@y                cstackCOMMON 00073
Lcd_Write_String@a              cstackCOMMON 00075
Lcd_Write_String@i              cstackCOMMON 00078
_ANSELA                         (abs)        00F38
_ANSELAbits                     (abs)        00F38
_ANSELB                         (abs)        00F43
_ANSELC                         (abs)        00F4E
_INLVLA                         (abs)        00F3C
_INLVLB                         (abs)        00F47
_INLVLC                         (abs)        00F52
_INLVLE                         (abs)        00F68
_LATA                           (abs)        00016
_LATAbits                       (abs)        00016
_LATB                           (abs)        00017
_LATBbits                       (abs)        00017
_LATC                           (abs)        00018
_Lcd_Clear                      text10       005EC
_Lcd_Cmd                        text11       00608
_Lcd_Init                       text9        006CB
_Lcd_Port                       text12       00639
_Lcd_Set_Cursor                 text8        00780
_Lcd_Write_Char                 text7        006A3
_Lcd_Write_String               text6        0061C
_ODCONA                         (abs)        00F3A
_ODCONB                         (abs)        00F45
_ODCONC                         (abs)        00F50
_OSCCON1                        (abs)        0088D
_OSCCON3                        (abs)        0088F
_OSCEN                          (abs)        00891
_OSCFRQ                         (abs)        00893
_OSCILLATOR_Initialize          text5        005F5
_OSCTUNE                        (abs)        00892
_PIN_MANAGER_Initialize         text4        0067C
_PIR0bits                       (abs)        0070C
_PMD0                           (abs)        00796
_PMD1                           (abs)        00797
_PMD2                           (abs)        00798
_PMD3                           (abs)        00799
_PMD4                           (abs)        0079A
_PMD5                           (abs)        0079B
_PMD_Initialize                 text3        005E4
_PORTAbits                      (abs)        0000C
_SLRCONA                        (abs)        00F3B
_SLRCONB                        (abs)        00F46
_SLRCONC                        (abs)        00F51
_SYSTEM_Initialize              text2        005FE
_T0CON0                         (abs)        0001E
_T0CON1                         (abs)        0001F
_TMR0                           (abs)        0001C
_TRISA                          (abs)        00011
_TRISAbits                      (abs)        00011
_TRISB                          (abs)        00012
_TRISC                          (abs)        00013
_WPUA                           (abs)        00F39
_WPUAbits                       (abs)        00F39
_WPUB                           (abs)        00F44
_WPUC                           (abs)        00F4F
_WPUE                           (abs)        00F65
__Habs1                         abs1         00000
__Hbank0                        bank0        00000
__Hbank1                        bank1        00000
__Hbank10                       bank10       00000
__Hbank11                       bank11       00000
__Hbank12                       bank12       00000
__Hbank13                       bank13       00000
__Hbank14                       bank14       00000
__Hbank15                       bank15       00000
__Hbank16                       bank16       00000
__Hbank17                       bank17       00000
__Hbank18                       bank18       00000
__Hbank19                       bank19       00000
__Hbank2                        bank2        00000
__Hbank20                       bank20       00000
__Hbank21                       bank21       00000
__Hbank22                       bank22       00000
__Hbank23                       bank23       00000
__Hbank24                       bank24       00000
__Hbank25                       bank25       00000
__Hbank26                       bank26       00000
__Hbank27                       bank27       00000
__Hbank28                       bank28       00000
__Hbank29                       bank29       00000
__Hbank3                        bank3        00000
__Hbank30                       bank30       00000
__Hbank31                       bank31       00000
__Hbank4                        bank4        00000
__Hbank5                        bank5        00000
__Hbank6                        bank6        00000
__Hbank7                        bank7        00000
__Hbank8                        bank8        00000
__Hbank9                        bank9        00000
__Hbigram                       bigram       00000
__Hcinit                        cinit        00800
__Hclrtext                      clrtext      00000
__Hcode                         code         00000
__Hcommon                       common       00000
__Hconfig                       config       0800C
__HcstackCOMMON                 cstackCOMMON 00000
__HdataBANK0                    dataBANK0    00000
__Heeprom_data                  eeprom_data  00000
__Hend_init                     end_init     00004
__Hfunctab                      functab      00000
__Hheap                         heap         00000
__HidataBANK0                   idataBANK0   00000
__Hidloc                        idloc        08004
__Hinit                         init         00002
__Hintentry                     intentry     00002
__Hmaintext                     maintext     00000
__Hpowerup                      powerup      00000
__Hram                          ram          00000
__Hreset_vec                    reset_vec    00002
__Hsfr0                         sfr0         00000
__Hsfr1                         sfr1         00000
__Hsfr10                        sfr10        00000
__Hsfr11                        sfr11        00000
__Hsfr12                        sfr12        00000
__Hsfr13                        sfr13        00000
__Hsfr14                        sfr14        00000
__Hsfr15                        sfr15        00000
__Hsfr16                        sfr16        00000
__Hsfr17                        sfr17        00000
__Hsfr18                        sfr18        00000
__Hsfr19                        sfr19        00000
__Hsfr2                         sfr2         00000
__Hsfr20                        sfr20        00000
__Hsfr21                        sfr21        00000
__Hsfr22                        sfr22        00000
__Hsfr23                        sfr23        00000
__Hsfr24                        sfr24        00000
__Hsfr25                        sfr25        00000
__Hsfr26                        sfr26        00000
__Hsfr27                        sfr27        00000
__Hsfr28                        sfr28        00000
__Hsfr29                        sfr29        00000
__Hsfr3                         sfr3         00000
__Hsfr30                        sfr30        00000
__Hsfr31                        sfr31        00000
__Hsfr4                         sfr4         00000
__Hsfr5                         sfr5         00000
__Hsfr6                         sfr6         00000
__Hsfr7                         sfr7         00000
__Hsfr8                         sfr8         00000
__Hsfr9                         sfr9         00000
__Hspace_0                      (abs)        00820
__Hspace_1                      (abs)        0007E
__Hspace_2                      (abs)        00000
__Hspace_3                      (abs)        00000
__Hspace_4                      (abs)        10013
__Hstack                        stack        00000
__Hstrings                      strings      00000
__Hstringtext1                  stringtext1  00000
__Hstringtext2                  stringtext2  00000
__Hstringtext3                  stringtext3  00000
__Hstringtext4                  stringtext4  00000
__Htext                         text         00000
__Labs1                         abs1         00000
__Lbank0                        bank0        00000
__Lbank1                        bank1        00000
__Lbank10                       bank10       00000
__Lbank11                       bank11       00000
__Lbank12                       bank12       00000
__Lbank13                       bank13       00000
__Lbank14                       bank14       00000
__Lbank15                       bank15       00000
__Lbank16                       bank16       00000
__Lbank17                       bank17       00000
__Lbank18                       bank18       00000
__Lbank19                       bank19       00000
__Lbank2                        bank2        00000
__Lbank20                       bank20       00000
__Lbank21                       bank21       00000
__Lbank22                       bank22       00000
__Lbank23                       bank23       00000
__Lbank24                       bank24       00000
__Lbank25                       bank25       00000
__Lbank26                       bank26       00000
__Lbank27                       bank27       00000
__Lbank28                       bank28       00000
__Lbank29                       bank29       00000
__Lbank3                        bank3        00000
__Lbank30                       bank30       00000
__Lbank31                       bank31       00000
__Lbank4                        bank4        00000
__Lbank5                        bank5        00000
__Lbank6                        bank6        00000
__Lbank7                        bank7        00000
__Lbank8                        bank8        00000
__Lbank9                        bank9        00000
__Lbigram                       bigram       00000
__Lcinit                        cinit        007F5
__Lclrtext                      clrtext      00000
__Lcode                         code         00000
__Lcommon                       common       00000
__Lconfig                       config       00000
__LcstackCOMMON                 cstackCOMMON 00000
__LdataBANK0                    dataBANK0    00000
__Leeprom_data                  eeprom_data  00000
__Lend_init                     end_init     00002
__Lfunctab                      functab      00000
__Lheap                         heap         00000
__LidataBANK0                   idataBANK0   00000
__Lidloc                        idloc        00000
__Linit                         init         00002
__Lintentry                     intentry     00002
__Lmaintext                     maintext     00000
__Lpowerup                      powerup      00000
__Lram                          ram          00000
__Lreset_vec                    reset_vec    00000
__Lsfr0                         sfr0         00000
__Lsfr1                         sfr1         00000
__Lsfr10                        sfr10        00000
__Lsfr11                        sfr11        00000
__Lsfr12                        sfr12        00000
__Lsfr13                        sfr13        00000
__Lsfr14                        sfr14        00000
__Lsfr15                        sfr15        00000
__Lsfr16                        sfr16        00000
__Lsfr17                        sfr17        00000
__Lsfr18                        sfr18        00000
__Lsfr19                        sfr19        00000
__Lsfr2                         sfr2         00000
__Lsfr20                        sfr20        00000
__Lsfr21                        sfr21        00000
__Lsfr22                        sfr22        00000
__Lsfr23                        sfr23        00000
__Lsfr24                        sfr24        00000
__Lsfr25                        sfr25        00000
__Lsfr26                        sfr26        00000
__Lsfr27                        sfr27        00000
__Lsfr28                        sfr28        00000
__Lsfr29                        sfr29        00000
__Lsfr3                         sfr3         00000
__Lsfr30                        sfr30        00000
__Lsfr31                        sfr31        00000
__Lsfr4                         sfr4         00000
__Lsfr5                         sfr5         00000
__Lsfr6                         sfr6         00000
__Lsfr7                         sfr7         00000
__Lsfr8                         sfr8         00000
__Lsfr9                         sfr9         00000
__Lspace_0                      (abs)        00000
__Lspace_1                      (abs)        00000
__Lspace_2                      (abs)        00000
__Lspace_3                      (abs)        00000
__Lspace_4                      (abs)        00000
__Lstack                        stack        00000
__Lstrings                      strings      00000
__Lstringtext1                  stringtext1  00000
__Lstringtext2                  stringtext2  00000
__Lstringtext3                  stringtext3  00000
__Lstringtext4                  stringtext4  00000
__Ltext                         text         00000
__S0                            (abs)        00820
__S1                            (abs)        0007E
__S3                            (abs)        00000
___heap_hi                      (abs)        00000
___heap_lo                      (abs)        00000
___int_sp                       stack        00000
___latbits                      (abs)        00002
___sp                           stack        00000
___stackhi                      (abs)        00000
___stacklo                      (abs)        00000
__end_of_Lcd_Clear              text10       005F5
__end_of_Lcd_Cmd                text11       0061C
__end_of_Lcd_Init               text9        0070E
__end_of_Lcd_Port               text12       00659
__end_of_Lcd_Set_Cursor         text8        007F5
__end_of_Lcd_Write_Char         text7        006CB
__end_of_Lcd_Write_String       text6        00639
__end_of_OSCILLATOR_Initialize  text5        005FE
__end_of_PIN_MANAGER_Initialize text4        006A3
__end_of_PMD_Initialize         text3        005EC
__end_of_SYSTEM_Initialize      text2        00608
__end_of__initialization        cinit        007FD
__end_of_main                   maintext     00780
__end_of_temporizador           text1        0067C
__initialization                cinit        007F5
__pcstackCOMMON                 cstackCOMMON 00070
__pdataBANK0                    dataBANK0    00020
__pidataBANK0                   idataBANK0   005E2
__pmaintext                     maintext     0070E
__pstringtext1                  stringtext1  00800
__pstringtext2                  stringtext2  0080C
__pstringtext3                  stringtext3  00817
__pstringtext4                  stringtext4  00000
__ptext1                        text1        00659
__ptext10                       text10       005EC
__ptext11                       text11       00608
__ptext12                       text12       00639
__ptext2                        text2        005FE
__ptext3                        text3        005E4
__ptext4                        text4        0067C
__ptext5                        text5        005F5
__ptext6                        text6        0061C
__ptext7                        text7        006A3
__ptext8                        text8        00780
__ptext9                        text9        006CB
_main                           maintext     0070E
_temporizador                   text1        00659
btemp                           (abs)        0007E
end_of_initialization           cinit        007FD
intlevel0                       functab      00000
intlevel1                       functab      00000
intlevel2                       functab      00000
intlevel3                       functab      00000
intlevel4                       functab      00000
intlevel5                       functab      00000
main@lectura                    cstackCOMMON 0007C
reset_vec                       reset_vec    00000
start                           init         00002
start_initialization            cinit        007F5
temporizador@i                  cstackCOMMON 00072
temporizador@segundos           cstackCOMMON 00070
wtemp0                          (abs)        0007E


MODULE INFORMATION

Module		Function		Class		Link	Load	Size
./lcd.h
		_Lcd_Write_String		CODE           	061C	0000	29
		_Lcd_Init      		CODE           	06CB	0000	67
		_Lcd_Write_Char		CODE           	06A3	0000	40
		_Lcd_Cmd       		CODE           	0608	0000	20
		_Lcd_Set_Cursor		CODE           	0780	0000	117
		_Lcd_Clear     		CODE           	05EC	0000	9
		_Lcd_Port      		CODE           	0639	0000	32

./lcd.h estimated size: 314

mcc_generated_files/pin_manager.c
		_PIN_MANAGER_Initialize		CODE           	067C	0000	39

mcc_generated_files/pin_manager.c estimated size: 39

shared
		__initialization		CODE           	07F5	0000	8

shared estimated size: 8

mcc_generated_files/mcc.c
		_PMD_Initialize		CODE           	05E4	0000	8
		_OSCILLATOR_Initialize		CODE           	05F5	0000	9
		_SYSTEM_Initialize		CODE           	05FE	0000	10

mcc_generated_files/mcc.c estimated size: 27

main.c
		_main          		CODE           	070E	0000	114
		_temporizador  		CODE           	0659	0000	35

main.c estimated size: 149

