Microchip MPLAB XC8 Compiler V2.40

Linker command line:

-W-3 \
  --edf=C:/Program Files/Microchip/MPLABX/v6.05/packs/Microchip/PIC16F1xxxx_DFP/1.15.191/xc8\pic\dat\20220719204315_en.msgs \
  -cn -h+dist/default/production\testINT_ADC.X.production.sym \
  --cmf=dist/default/production\testINT_ADC.X.production.cmf -z -Q16F18855 \
  -oC:\Users\utxj\AppData\Local\Temp\xcAs5k8.4 --defsym=__MPLAB_BUILD=1 \
  --fixupoverflow=error \
  -Mdist/default/production/testINT_ADC.X.production.map \
  --md=C:\Users\utxj\AppData\Local\Temp\xcAs5k8.dat -E1 -ver=XC8 Compiler \
  --acfsm=1493 -ACODE=00h-07FFhx4 -ASTRCODE=00h-01FFFh -ASTRING=00h-0FFhx32 \
  -ACONST=00h-0FFhx32 -AENTRY=00h-0FFhx32 -ACOMMON=070h-07Fh \
  -ABANK0=020h-06Fh -ABANK1=0A0h-0EFh -ABANK2=0120h-016Fh \
  -ABANK3=01A0h-01EFh -ABANK4=0220h-026Fh -ABANK5=02A0h-02EFh \
  -ABANK6=0320h-036Fh -ABANK7=03A0h-03EFh -ABANK8=0420h-046Fh \
  -ABANK9=04A0h-04EFh -ABANK10=0520h-056Fh -ABANK11=05A0h-05EFh \
  -ABANK12=0620h-064Fh -ABIGRAM=02000h-023EFh \
  -ARAM=020h-06Fh,0A0h-0EFh,0120h-016Fh,01A0h-01EFh,0220h-026Fh,02A0h-02EFh,0320h-036Fh,03A0h-03EFh,0420h-046Fh,04A0h-04EFh,0520h-056Fh,05A0h-05EFh,0620h-064Fh \
  -AABS1=020h-07Fh,0A0h-0EFh,0120h-016Fh,01A0h-01EFh,0220h-026Fh,02A0h-02EFh,0320h-036Fh,03A0h-03EFh,0420h-046Fh,04A0h-04EFh,0520h-056Fh,05A0h-05EFh,0620h-064Fh \
  -ASFR0=00h-01Fh -ASFR1=080h-09Fh -ASFR2=0100h-011Fh -ASFR3=0180h-019Fh \
  -ASFR4=0200h-021Fh -ASFR5=0280h-029Fh -ASFR6=0300h-031Fh \
  -ASFR7=0380h-039Fh -ASFR8=0400h-041Fh -ASFR9=0480h-049Fh \
  -ASFR10=0500h-051Fh -ASFR11=0580h-059Fh -ASFR12=0600h-061Fh \
  -ASFR13=0680h-06EFh -ASFR14=0700h-076Fh -ASFR15=0780h-07EFh \
  -ASFR16=0800h-086Fh -ASFR17=0880h-08EFh -ASFR18=0900h-096Fh \
  -ASFR19=0980h-09EFh -ASFR20=0A00h-0A6Fh -ASFR21=0A80h-0AEFh \
  -ASFR22=0B00h-0B6Fh -ASFR23=0B80h-0BEFh -ASFR24=0C00h-0C6Fh \
  -ASFR25=0C80h-0CEFh -ASFR26=0D00h-0D6Fh -ASFR27=0D80h-0DEFh \
  -ASFR28=0E00h-0E6Fh -ASFR29=0E80h-0EEFh -ASFR30=0F00h-0F6Fh \
  -ASFR31=0F80h-0FEFh -ACONFIG=08007h-0800Bh -DCONFIG=2 \
  -AIDLOC=08000h-08003h -DIDLOC=2 -AEEDATA=00h-0FFh/0F000h \
  -peeprom_data=EEDATA -DEEDATA=2 -DCODE=2 -DSTRCODE=2 -DSTRING=2 -DCONST=2 \
  -DENTRY=2 -preset_vec=00h,intentry=04h,init,end_init -ppowerup=CODE \
  -pcinit=CODE -pfunctab=ENTRY -k \
  C:\Users\utxj\AppData\Local\Temp\xcAs5k8.o \
  dist/default/production\testINT_ADC.X.production.o 

Object code version is 3.11

Machine type is 16F18855



                Name                               Link     Load   Length Selector   Space Scale
C:\Users\utxj\AppData\Local\Temp\xcAs5k8.o
                end_init                             1F       1F        2        8       0
                reset_vec                             0        0        2        0       0
                config                             8007     8007        5        0       4
                idloc                              8000     8000        4        0       5
dist/default/production\testINT_ADC.X.production.o
                cinit                                21       21       12        8       0
                intentry                              4        4       1B        8       0
                config                             8007     8007        5        0       4
                idloc                              8000     8000        4        0       5
                text22                              5EE      5EE       20        8       0
                text21                              681      681       14        8       0
                text20                              6B4      6B4        9      D42       0
                text19                              503      503       43        8       0
                text18                              3EF      3EF       75        8       0
                text17                              57B      57B       28        8       0
                text16                              62D      62D       1E        8       0
                text15                              6AB      6AB        9      D42       0
                text14                              5A3      5A3       27        8       0
                text13                              6BD      6BD        8      D42       0
                text12                              6A1      6A1        A      D42       0
                text11                              163      163      101        8       0
                text10                              264      264       EA        8       0
                text9                               667      667       1A        8       0
                text8                               6CB      6CB        1      D42       0
                text7                               464      464       50        8       0
                text6                               5CA      5CA       24        8       0
                text5                               546      546       35        8       0
                text4                                33       33      130        8       0
                text3                               34E      34E       A1        8       0
                text2                               64B      64B       1C        8       0
                text1                               60E      60E       1F        8       0
                maintext                            4B4      4B4       4F        8       0
                cstackBANK0                          20       20       4A       20       1
                cstackCOMMON                         70       70        E       70       1
                cstackBANK1                          D6       D6        C       A0       1
                clrtext                             6C5      6C5        6      D42       0
                bssBANK1                             A0       A0       36       A0       1
                bssBANK0                             6A       6A        5       20       1
                stringtext1                         695      695        C      D2A       0

TOTAL           Name                               Link     Load   Length     Space
        CLASS   CODE           
                end_init                             1F       1F        2         0
                cinit                                21       21       12         0
                intentry                              4        4       1B         0
                reset_vec                             0        0        2         0
                text22                              5EE      5EE       20         0
                text21                              681      681       14         0
                text20                              6B4      6B4        9         0
                text19                              503      503       43         0
                text18                              3EF      3EF       75         0
                text17                              57B      57B       28         0
                text16                              62D      62D       1E         0
                text15                              6AB      6AB        9         0
                text14                              5A3      5A3       27         0
                text13                              6BD      6BD        8         0
                text12                              6A1      6A1        A         0
                text11                              163      163      101         0
                text10                              264      264       EA         0
                text9                               667      667       1A         0
                text8                               6CB      6CB        1         0
                text7                               464      464       50         0
                text6                               5CA      5CA       24         0
                text5                               546      546       35         0
                text4                                33       33      130         0
                text3                               34E      34E       A1         0
                text2                               64B      64B       1C         0
                text1                               60E      60E       1F         0
                maintext                            4B4      4B4       4F         0
                clrtext                             6C5      6C5        6         0

        CLASS   STRCODE        
                stringtext1                         695      695        C         0

        CLASS   STRING         

        CLASS   CONST          

        CLASS   ENTRY          

        CLASS   COMMON         
                cstackCOMMON                         70       70        E         1

        CLASS   BANK0          
                cstackBANK0                          20       20       4A         1
                bssBANK0                             6A       6A        5         1

        CLASS   BANK1          
                cstackBANK1                          D6       D6        C         1
                bssBANK1                             A0       A0       36         1

        CLASS   BANK2          

        CLASS   BANK3          

        CLASS   BANK4          

        CLASS   BANK5          

        CLASS   BANK6          

        CLASS   BANK7          

        CLASS   BANK8          

        CLASS   BANK9          

        CLASS   BANK10         

        CLASS   BANK11         

        CLASS   BANK12         

        CLASS   BIGRAM         

        CLASS   RAM            

        CLASS   ABS1           
                abs_s1                               7E       7E        2         1

        CLASS   SFR0           

        CLASS   SFR1           

        CLASS   SFR2           

        CLASS   SFR3           

        CLASS   SFR4           

        CLASS   SFR5           

        CLASS   SFR6           

        CLASS   SFR7           

        CLASS   SFR8           

        CLASS   SFR9           

        CLASS   SFR10          

        CLASS   SFR11          

        CLASS   SFR12          

        CLASS   SFR13          

        CLASS   SFR14          

        CLASS   SFR15          

        CLASS   SFR16          

        CLASS   SFR17          

        CLASS   SFR18          

        CLASS   SFR19          

        CLASS   SFR20          

        CLASS   SFR21          

        CLASS   SFR22          

        CLASS   SFR23          

        CLASS   SFR24          

        CLASS   SFR25          

        CLASS   SFR26          

        CLASS   SFR27          

        CLASS   SFR28          

        CLASS   SFR29          

        CLASS   SFR30          

        CLASS   SFR31          

        CLASS   CONFIG         
                config                             8007     8007        5         4

        CLASS   IDLOC          
                idloc                              8000     8000        4         5

        CLASS   EEDATA         

        CLASS   BANK31         

        CLASS   BANK30         

        CLASS   BANK29         

        CLASS   BANK28         

        CLASS   BANK27         

        CLASS   BANK26         

        CLASS   BANK25         

        CLASS   BANK24         

        CLASS   BANK23         

        CLASS   BANK22         

        CLASS   BANK21         

        CLASS   BANK20         

        CLASS   BANK19         

        CLASS   BANK18         

        CLASS   BANK17         

        CLASS   BANK16         

        CLASS   BANK15         

        CLASS   BANK14         

        CLASS   BANK13         

        CLASS   HEAP           

        CLASS   STACK          



SEGMENTS        Name                           Load    Length   Top    Selector   Space  Class     Delta

                reset_vec                      000000  000002  000002         0       0  CODE        2
                intentry                       000004  000691  000695         8       0  CODE        2
                cstackBANK0                    000020  00004F  00006F        20       1  BANK0       1
                cstackCOMMON                   000070  00000E  00007E        70       1  COMMON      1
                bssBANK1                       0000A0  000042  0000E2        A0       1  BANK1       1
                stringtext1                    000695  00000C  0006A1       D2A       0  STRCODE     2
                text12                         0006A1  00002B  0006CC       D42       0  CODE        2


UNUSED ADDRESS RANGES

        Name                Unused          Largest block    Delta
        BANK0            0006F-0006F               1           1
        BANK1            000E2-000EF               E           1
        BANK10           00520-0056F              50           1
        BANK11           005A0-005EF              50           1
        BANK12           00620-0064F              30           1
        BANK2            00120-0016F              50           1
        BANK3            001A0-001EF              50           1
        BANK4            00220-0026F              50           1
        BANK5            002A0-002EF              50           1
        BANK6            00320-0036F              50           1
        BANK7            003A0-003EF              50           1
        BANK8            00420-0046F              50           1
        BANK9            004A0-004EF              50           1
        BIGRAM           02000-023EF             3F0           1
        CODE             00002-00003               2           2
                         006CC-01FFF             800
        CONST            00002-00003               2           2
                         006CC-01FFF             100
        EEDATA           0F000-0F0FF             100           2
        ENTRY            00002-00003               2           2
                         006CC-01FFF             100
        RAM              0006F-0006F               1           1
                         000E2-000EF               E
                         00120-0016F              50
                         001A0-001EF              50
                         00220-0026F              50
                         002A0-002EF              50
                         00320-0036F              50
                         003A0-003EF              50
                         00420-0046F              50
                         004A0-004EF              50
                         00520-0056F              50
                         005A0-005EF              50
                         00620-0064F              30
        SFR0             00000-0001F              20           1
        SFR1             00080-0009F              20           1
        SFR10            00500-0051F              20           1
        SFR11            00580-0059F              20           1
        SFR12            00600-0061F              20           1
        SFR13            00680-006EF              70           1
        SFR14            00700-0076F              70           1
        SFR15            00780-007EF              70           1
        SFR16            00800-0086F              70           1
        SFR17            00880-008EF              70           1
        SFR18            00900-0096F              70           1
        SFR19            00980-009EF              70           1
        SFR2             00100-0011F              20           1
        SFR20            00A00-00A6F              70           1
        SFR21            00A80-00AEF              70           1
        SFR22            00B00-00B6F              70           1
        SFR23            00B80-00BEF              70           1
        SFR24            00C00-00C6F              70           1
        SFR25            00C80-00CEF              70           1
        SFR26            00D00-00D6F              70           1
        SFR27            00D80-00DEF              70           1
        SFR28            00E00-00E6F              70           1
        SFR29            00E80-00EEF              70           1
        SFR3             00180-0019F              20           1
        SFR30            00F00-00F6F              70           1
        SFR31            00F80-00FEF              70           1
        SFR4             00200-0021F              20           1
        SFR5             00280-0029F              20           1
        SFR6             00300-0031F              20           1
        SFR7             00380-0039F              20           1
        SFR8             00400-0041F              20           1
        SFR9             00480-0049F              20           1
        STRCODE          00002-00003               2           2
                         006CC-01FFF            1934
        STRING           00002-00003               2           2
                         006CC-01FFF             100

                                  Symbol Table

?___aodiv                       cstackBANK0  00020
?___aomod                       cstackBANK0  00020
?_abs                           cstackCOMMON 00073
?_sprintf                       cstackBANK0  00063
?_vfprintf                      cstackBANK0  0005C
Lcd_Cmd@a                       cstackCOMMON 00072
Lcd_Port@a                      cstackCOMMON 00070
Lcd_Set_Cursor@a                cstackCOMMON 00075
Lcd_Set_Cursor@b                cstackCOMMON 00073
Lcd_Set_Cursor@temp             cstackCOMMON 00078
Lcd_Set_Cursor@y                cstackCOMMON 00077
Lcd_Set_Cursor@z                cstackCOMMON 00076
Lcd_Write_Char@a                cstackCOMMON 00074
Lcd_Write_Char@temp             cstackCOMMON 00072
Lcd_Write_Char@y                cstackCOMMON 00073
Lcd_Write_String@a              cstackCOMMON 00078
Lcd_Write_String@i              cstackCOMMON 00076
_ADACQ                          (abs)        0009D
_ADCLK                          (abs)        00098
_ADCON0                         (abs)        00093
_ADCON0bits                     (abs)        00093
_ADCON1                         (abs)        00094
_ADCON2                         (abs)        00095
_ADCON3                         (abs)        00096
_ADPCH                          (abs)        0009E
_ADREF                          (abs)        0009A
_ADRESH                         (abs)        0008D
_ADRESL                         (abs)        0008C
_ANSELA                         (abs)        00F38
_ANSELB                         (abs)        00F43
_ANSELC                         (abs)        00F4E
_INLVLA                         (abs)        00F3C
_INLVLB                         (abs)        00F47
_INLVLC                         (abs)        00F52
_INLVLE                         (abs)        00F68
_INTCONbits                     (abs)        0000B
_LATA                           (abs)        00016
_LATB                           (abs)        00017
_LATBbits                       (abs)        00017
_LATC                           (abs)        00018
_Lcd_Clear                      text20       006B4
_Lcd_Cmd                        text21       00681
_Lcd_Init                       text19       00503
_Lcd_Port                       text22       005EE
_Lcd_Set_Cursor                 text18       003EF
_Lcd_Write_Char                 text17       0057B
_Lcd_Write_String               text16       0062D
_ODCONA                         (abs)        00F3A
_ODCONB                         (abs)        00F45
_ODCONC                         (abs)        00F50
_OSCCON1                        (abs)        0088D
_OSCCON3                        (abs)        0088F
_OSCEN                          (abs)        00891
_OSCFRQ                         (abs)        00893
_OSCILLATOR_Initialize          text15       006AB
_OSCTUNE                        (abs)        00892
_PIE1bits                       (abs)        00717
_PIN_MANAGER_Initialize         text14       005A3
_PIR1bits                       (abs)        0070D
_PMD0                           (abs)        00796
_PMD1                           (abs)        00797
_PMD2                           (abs)        00798
_PMD3                           (abs)        00799
_PMD4                           (abs)        0079A
_PMD5                           (abs)        0079B
_PMD_Initialize                 text13       006BD
_SLRCONA                        (abs)        00F3B
_SLRCONB                        (abs)        00F46
_SLRCONC                        (abs)        00F51
_SYSTEM_Initialize              text12       006A1
_TRISA                          (abs)        00011
_TRISB                          (abs)        00012
_TRISC                          (abs)        00013
_WPUA                           (abs)        00F39
_WPUB                           (abs)        00F44
_WPUC                           (abs)        00F4F
_WPUE                           (abs)        00F65
__Habs1                         abs1         00000
__Hbank0                        bank0        00000
__Hbank1                        bank1        00000
__Hbank10                       bank10       00000
__Hbank11                       bank11       00000
__Hbank12                       bank12       00000
__Hbank13                       bank13       00000
__Hbank14                       bank14       00000
__Hbank15                       bank15       00000
__Hbank16                       bank16       00000
__Hbank17                       bank17       00000
__Hbank18                       bank18       00000
__Hbank19                       bank19       00000
__Hbank2                        bank2        00000
__Hbank20                       bank20       00000
__Hbank21                       bank21       00000
__Hbank22                       bank22       00000
__Hbank23                       bank23       00000
__Hbank24                       bank24       00000
__Hbank25                       bank25       00000
__Hbank26                       bank26       00000
__Hbank27                       bank27       00000
__Hbank28                       bank28       00000
__Hbank29                       bank29       00000
__Hbank3                        bank3        00000
__Hbank30                       bank30       00000
__Hbank31                       bank31       00000
__Hbank4                        bank4        00000
__Hbank5                        bank5        00000
__Hbank6                        bank6        00000
__Hbank7                        bank7        00000
__Hbank8                        bank8        00000
__Hbank9                        bank9        00000
__Hbigram                       bigram       00000
__HbssBANK0                     bssBANK0     00000
__HbssBANK1                     bssBANK1     00000
__Hcinit                        cinit        00033
__Hclrtext                      clrtext      00000
__Hcode                         code         00000
__Hcommon                       common       00000
__Hconfig                       config       0800C
__HcstackBANK0                  cstackBANK0  00000
__HcstackBANK1                  cstackBANK1  00000
__HcstackCOMMON                 cstackCOMMON 00000
__Heeprom_data                  eeprom_data  00000
__Hend_init                     end_init     00021
__Hfunctab                      functab      00000
__Hheap                         heap         00000
__Hidloc                        idloc        08004
__Hinit                         init         0001F
__Hintentry                     intentry     0001F
__Hmaintext                     maintext     00000
__Hpowerup                      powerup      00000
__Hram                          ram          00000
__Hreset_vec                    reset_vec    00002
__Hsfr0                         sfr0         00000
__Hsfr1                         sfr1         00000
__Hsfr10                        sfr10        00000
__Hsfr11                        sfr11        00000
__Hsfr12                        sfr12        00000
__Hsfr13                        sfr13        00000
__Hsfr14                        sfr14        00000
__Hsfr15                        sfr15        00000
__Hsfr16                        sfr16        00000
__Hsfr17                        sfr17        00000
__Hsfr18                        sfr18        00000
__Hsfr19                        sfr19        00000
__Hsfr2                         sfr2         00000
__Hsfr20                        sfr20        00000
__Hsfr21                        sfr21        00000
__Hsfr22                        sfr22        00000
__Hsfr23                        sfr23        00000
__Hsfr24                        sfr24        00000
__Hsfr25                        sfr25        00000
__Hsfr26                        sfr26        00000
__Hsfr27                        sfr27        00000
__Hsfr28                        sfr28        00000
__Hsfr29                        sfr29        00000
__Hsfr3                         sfr3         00000
__Hsfr30                        sfr30        00000
__Hsfr31                        sfr31        00000
__Hsfr4                         sfr4         00000
__Hsfr5                         sfr5         00000
__Hsfr6                         sfr6         00000
__Hsfr7                         sfr7         00000
__Hsfr8                         sfr8         00000
__Hsfr9                         sfr9         00000
__Hspace_0                      (abs)        006CC
__Hspace_1                      (abs)        000E2
__Hspace_2                      (abs)        00000
__Hspace_3                      (abs)        00000
__Hspace_4                      (abs)        10013
__Hstack                        stack        00000
__Hstrings                      strings      00000
__Hstringtext1                  stringtext1  00000
__Hstringtext2                  stringtext2  00000
__Htext                         text         00000
__Labs1                         abs1         00000
__Lbank0                        bank0        00000
__Lbank1                        bank1        00000
__Lbank10                       bank10       00000
__Lbank11                       bank11       00000
__Lbank12                       bank12       00000
__Lbank13                       bank13       00000
__Lbank14                       bank14       00000
__Lbank15                       bank15       00000
__Lbank16                       bank16       00000
__Lbank17                       bank17       00000
__Lbank18                       bank18       00000
__Lbank19                       bank19       00000
__Lbank2                        bank2        00000
__Lbank20                       bank20       00000
__Lbank21                       bank21       00000
__Lbank22                       bank22       00000
__Lbank23                       bank23       00000
__Lbank24                       bank24       00000
__Lbank25                       bank25       00000
__Lbank26                       bank26       00000
__Lbank27                       bank27       00000
__Lbank28                       bank28       00000
__Lbank29                       bank29       00000
__Lbank3                        bank3        00000
__Lbank30                       bank30       00000
__Lbank31                       bank31       00000
__Lbank4                        bank4        00000
__Lbank5                        bank5        00000
__Lbank6                        bank6        00000
__Lbank7                        bank7        00000
__Lbank8                        bank8        00000
__Lbank9                        bank9        00000
__Lbigram                       bigram       00000
__LbssBANK0                     bssBANK0     00000
__LbssBANK1                     bssBANK1     00000
__Lcinit                        cinit        00021
__Lclrtext                      clrtext      00000
__Lcode                         code         00000
__Lcommon                       common       00000
__Lconfig                       config       00000
__LcstackBANK0                  cstackBANK0  00000
__LcstackBANK1                  cstackBANK1  00000
__LcstackCOMMON                 cstackCOMMON 00000
__Leeprom_data                  eeprom_data  00000
__Lend_init                     end_init     0001F
__Lfunctab                      functab      00000
__Lheap                         heap         00000
__Lidloc                        idloc        00000
__Linit                         init         0001F
__Lintentry                     intentry     00004
__Lmaintext                     maintext     00000
__Lpowerup                      powerup      00000
__Lram                          ram          00000
__Lreset_vec                    reset_vec    00000
__Lsfr0                         sfr0         00000
__Lsfr1                         sfr1         00000
__Lsfr10                        sfr10        00000
__Lsfr11                        sfr11        00000
__Lsfr12                        sfr12        00000
__Lsfr13                        sfr13        00000
__Lsfr14                        sfr14        00000
__Lsfr15                        sfr15        00000
__Lsfr16                        sfr16        00000
__Lsfr17                        sfr17        00000
__Lsfr18                        sfr18        00000
__Lsfr19                        sfr19        00000
__Lsfr2                         sfr2         00000
__Lsfr20                        sfr20        00000
__Lsfr21                        sfr21        00000
__Lsfr22                        sfr22        00000
__Lsfr23                        sfr23        00000
__Lsfr24                        sfr24        00000
__Lsfr25                        sfr25        00000
__Lsfr26                        sfr26        00000
__Lsfr27                        sfr27        00000
__Lsfr28                        sfr28        00000
__Lsfr29                        sfr29        00000
__Lsfr3                         sfr3         00000
__Lsfr30                        sfr30        00000
__Lsfr31                        sfr31        00000
__Lsfr4                         sfr4         00000
__Lsfr5                         sfr5         00000
__Lsfr6                         sfr6         00000
__Lsfr7                         sfr7         00000
__Lsfr8                         sfr8         00000
__Lsfr9                         sfr9         00000
__Lspace_0                      (abs)        00000
__Lspace_1                      (abs)        00000
__Lspace_2                      (abs)        00000
__Lspace_3                      (abs)        00000
__Lspace_4                      (abs)        00000
__Lstack                        stack        00000
__Lstrings                      strings      00000
__Lstringtext1                  stringtext1  00000
__Lstringtext2                  stringtext2  00000
__Ltext                         text         00000
__S0                            (abs)        006CC
__S1                            (abs)        000E2
__S3                            (abs)        00000
___aodiv                        text11       00163
___aodiv@counter                cstackCOMMON 00071
___aodiv@dividend               cstackBANK0  00028
___aodiv@divisor                cstackBANK0  00020
___aodiv@quotient               cstackCOMMON 00073
___aodiv@sign                   cstackCOMMON 00072
___aomod                        text10       00264
___aomod@counter                cstackCOMMON 00071
___aomod@dividend               cstackBANK0  00028
___aomod@divisor                cstackBANK0  00020
___aomod@sign                   cstackCOMMON 00072
___heap_hi                      (abs)        00000
___heap_lo                      (abs)        00000
___int_sp                       stack        00000
___latbits                      (abs)        00002
___sp                           stack        00000
___stackhi                      (abs)        00000
___stacklo                      (abs)        00000
__end_of_Lcd_Clear              text20       006BD
__end_of_Lcd_Cmd                text21       00695
__end_of_Lcd_Init               text19       00546
__end_of_Lcd_Port               text22       0060E
__end_of_Lcd_Set_Cursor         text18       00464
__end_of_Lcd_Write_Char         text17       005A3
__end_of_Lcd_Write_String       text16       0064B
__end_of_OSCILLATOR_Initialize  text15       006B4
__end_of_PIN_MANAGER_Initialize text14       005CA
__end_of_PMD_Initialize         text13       006C5
__end_of_SYSTEM_Initialize      text12       006AB
__end_of___aodiv                text11       00264
__end_of___aomod                text10       0034E
__end_of__initialization        cinit        0002F
__end_of_abs                    text9        00681
__end_of_adc                    intentry     0001F
__end_of_dtoa                   text4        00163
__end_of_fputc                  text7        004B4
__end_of_fputs                  text6        005EE
__end_of_main                   maintext     00503
__end_of_pad                    text5        0057B
__end_of_putch                  text8        006CC
__end_of_sprintf                text1        0062D
__end_of_vfpfcnvrt              text3        003EF
__end_of_vfprintf               text2        00667
__initialization                cinit        00021
__pbssBANK0                     bssBANK0     0006A
__pbssBANK1                     bssBANK1     000A0
__pcstackBANK0                  cstackBANK0  00020
__pcstackBANK1                  cstackBANK1  000D6
__pcstackCOMMON                 cstackCOMMON 00070
__pintentry                     intentry     00004
__pmaintext                     maintext     004B4
__pstringtext1                  stringtext1  00695
__pstringtext2                  stringtext2  00000
__ptext1                        text1        0060E
__ptext10                       text10       00264
__ptext11                       text11       00163
__ptext12                       text12       006A1
__ptext13                       text13       006BD
__ptext14                       text14       005A3
__ptext15                       text15       006AB
__ptext16                       text16       0062D
__ptext17                       text17       0057B
__ptext18                       text18       003EF
__ptext19                       text19       00503
__ptext2                        text2        0064B
__ptext20                       text20       006B4
__ptext21                       text21       00681
__ptext22                       text22       005EE
__ptext3                        text3        0034E
__ptext4                        text4        00033
__ptext5                        text5        00546
__ptext6                        text6        005CA
__ptext7                        text7        00464
__ptext8                        text8        006CB
__ptext9                        text9        00667
_abs                            text9        00667
_adc                            intentry     00004
_aux                            bssBANK1     000C2
_dbuf                           bssBANK1     000A2
_dtoa                           text4        00033
_dtoa$802                       cstackBANK0  00039
_flags                          bssBANK0     0006E
_fputc                          text7        00464
_fputs                          text6        005CA
_main                           maintext     004B4
_pad                            text5        00546
_prec                           bssBANK0     0006A
_putch                          text8        006CB
_sprintf                        text1        0060E
_valorADC                       bssBANK0     0006C
_vfpfcnvrt                      text3        0034E
_vfprintf                       text2        0064B
_width                          bssBANK1     000A0
abs@a                           cstackCOMMON 00073
btemp                           (abs)        0007E
clear_ram0                      clrtext      006C5
dtoa@d                          cstackBANK0  00030
dtoa@fp                         cstackBANK0  0003B
dtoa@i                          cstackBANK0  00048
dtoa@n                          cstackBANK0  00040
dtoa@p                          cstackBANK0  0003C
dtoa@s                          cstackBANK0  0004A
dtoa@w                          cstackBANK0  0003E
end_of_initialization           cinit        0002F
fputc@c                         cstackCOMMON 00070
fputc@fp                        cstackCOMMON 00072
fputs@c                         cstackBANK0  00020
fputs@fp                        cstackCOMMON 00078
fputs@i                         cstackBANK0  00021
fputs@s                         cstackBANK0  00023
int$flags                       (abs)        0007E
intlevel0                       functab      00000
intlevel1                       functab      00000
intlevel2                       functab      00000
intlevel3                       functab      00000
intlevel4                       functab      00000
intlevel5                       functab      00000
pad@buf                         cstackCOMMON 0007B
pad@fp                          cstackBANK0  00029
pad@i                           cstackBANK0  00025
pad@p                           cstackCOMMON 0007C
pad@w                           cstackBANK0  00027
reset_vec                       reset_vec    00000
sprintf@ap                      cstackBANK1  000D6
sprintf@f                       cstackBANK1  000D8
sprintf@fmt                     cstackBANK0  00063
sprintf@s                       cstackBANK1  000D7
start                           init         0001F
start_initialization            cinit        00021
vfpfcnvrt@ap                    cstackBANK0  0004C
vfpfcnvrt@convarg               cstackBANK0  00051
vfpfcnvrt@cp                    cstackBANK0  0005A
vfpfcnvrt@fmt                   cstackBANK0  0004B
vfpfcnvrt@fp                    cstackBANK0  00059
vfprintf@ap                     cstackBANK0  0005E
vfprintf@cfmt                   cstackBANK0  00061
vfprintf@fmt                    cstackBANK0  0005C
vfprintf@fp                     cstackBANK0  00060
wtemp0                          (abs)        0007E


MODULE INFORMATION

Module		Function		Class		Link	Load	Size
C:\Program Files\Microchip\xc8\v2.40\pic\sources\c99\common\nf_fputc.c
		_fputc         		CODE           	0464	0000	80

C:\Program Files\Microchip\xc8\v2.40\pic\sources\c99\common\nf_fputc.c estimated size: 80

C:\Program Files\Microchip\xc8\v2.40\pic\sources\c99\common\nf_sprintf.c
		_sprintf       		CODE           	060E	0000	31

C:\Program Files\Microchip\xc8\v2.40\pic\sources\c99\common\nf_sprintf.c estimated size: 31

C:\Program Files\Microchip\xc8\v2.40\pic\sources\c99\common\abs.c
		_abs           		CODE           	0667	0000	26

C:\Program Files\Microchip\xc8\v2.40\pic\sources\c99\common\abs.c estimated size: 26

./lcd.h
		_Lcd_Write_String		CODE           	062D	0000	30
		_Lcd_Init      		CODE           	0503	0000	67
		_Lcd_Write_Char		CODE           	057B	0000	40
		_Lcd_Cmd       		CODE           	0681	0000	20
		_Lcd_Set_Cursor		CODE           	03EF	0000	117
		_Lcd_Clear     		CODE           	06B4	0000	9
		_Lcd_Port      		CODE           	05EE	0000	32

./lcd.h estimated size: 315

mcc_generated_files/pin_manager.c
		_PIN_MANAGER_Initialize		CODE           	05A3	0000	39

mcc_generated_files/pin_manager.c estimated size: 39

C:\Program Files\Microchip\xc8\v2.40\pic\sources\c99\common\nf_fputs.c
		_fputs         		CODE           	05CA	0000	36

C:\Program Files\Microchip\xc8\v2.40\pic\sources\c99\common\nf_fputs.c estimated size: 36

C:\Program Files\Microchip\xc8\v2.40\pic\sources\c99\common\aomod.c
		___aomod       		CODE           	0264	0000	234

C:\Program Files\Microchip\xc8\v2.40\pic\sources\c99\common\aomod.c estimated size: 234

shared
		__initialization		CODE           	0021	0000	14

shared estimated size: 14

mcc_generated_files/mcc.c
		_PMD_Initialize		CODE           	06BD	0000	8
		_OSCILLATOR_Initialize		CODE           	06AB	0000	9
		_SYSTEM_Initialize		CODE           	06A1	0000	10

mcc_generated_files/mcc.c estimated size: 27

C:\Program Files\Microchip\xc8\v2.40\pic\sources\c99\common\putch.c
		_putch         		CODE           	06CB	0000	1

C:\Program Files\Microchip\xc8\v2.40\pic\sources\c99\common\putch.c estimated size: 1

C:\Program Files\Microchip\xc8\v2.40\pic\sources\c99\common\doprnt.c
		_vfpfcnvrt     		CODE           	034E	0000	161
		_pad           		CODE           	0546	0000	53
		_dtoa          		CODE           	0033	0000	304
		_vfprintf      		CODE           	064B	0000	28

C:\Program Files\Microchip\xc8\v2.40\pic\sources\c99\common\doprnt.c estimated size: 546

main.c
		_main          		CODE           	04B4	0000	79
		_adc           		CODE           	0004	0000	27

main.c estimated size: 106

C:\Program Files\Microchip\xc8\v2.40\pic\sources\c99\common\aodiv.c
		___aodiv       		CODE           	0163	0000	257

C:\Program Files\Microchip\xc8\v2.40\pic\sources\c99\common\aodiv.c estimated size: 257

